
Memory Configuration

Name             Origin             Length             Attributes
FLASH            0x0000000008000000 0x0000000000080000 xr
SRAM             0x0000000020000000 0x0000000000020000 xrw
*default*        0x0000000000000000 0xffffffffffffffff

Linker script and memory map

LOAD object/kmath.o
LOAD object/kfloat.o
LOAD object/cm4.o
LOAD object/kstring.o
LOAD object/kmain.o
LOAD object/stm32_startup.o
LOAD object/sys.o
LOAD object/clock.o
LOAD object/usart.o
LOAD object/gpio.o
LOAD object/timer.o
LOAD object/kstdio.o
LOAD object/a9g.o
LOAD object/se7en_segment.o
LOAD object/can.o
LOAD object/sys_init.o
LOAD object/unistd.o
LOAD object/times.o
LOAD object/kunistd.o
LOAD object/ktimes.o
LOAD object/syscall.o
LOAD object/test_interrupt.o

.text           0x0000000008000000     0x3474
                0x0000000008000000                _stext = .
 *(.isr_vector)
 .isr_vector    0x0000000008000000      0x1c4 object/stm32_startup.o
                0x0000000008000000                NVIC_VECTOR
 *(.text)
 .text          0x00000000080001c4       0x4e object/kmath.o
                0x00000000080001c4                __pow
 *fill*         0x0000000008000212        0x2 
 .text          0x0000000008000214      0x360 object/kfloat.o
                0x0000000008000214                __aeabi_f2d
                0x00000000080002da                __aeabi_d2f
                0x0000000008000360                __aeabi_d2iz
                0x00000000080003f6                __aeabi_d2i
                0x000000000800048c                get_decimal_part
 .text          0x0000000008000574      0x1e4 object/cm4.o
                0x0000000008000574                __SysTick_init
                0x00000000080005c0                __sysTick_enable
                0x00000000080005ec                __sysTick_disable
                0x0000000008000618                __getSysTickCount
                0x0000000008000630                __updateSysTick
                0x0000000008000688                __getTime
                0x00000000080006bc                SysTick_Handler
                0x0000000008000704                ms_delay
                0x0000000008000734                __enable_fpu
 .text          0x0000000008000758      0x368 object/kstring.o
                0x0000000008000758                __str_to_num
                0x0000000008000818                __reverse_str
                0x0000000008000876                __strlen
                0x00000000080008a4                convert
                0x00000000080008fc                float2str
                0x00000000080009c8                str2float
 .text          0x0000000008000ac0       0xec object/kmain.o
                0x0000000008000ac0                GPIO_Config
                0x0000000008000af0                Interrupt_Config
                0x0000000008000b50                pseudo_delay
                0x0000000008000b74                can_Init
                0x0000000008000b90                kmain
 .text          0x0000000008000bac      0x13c object/stm32_startup.o
                0x0000000008000bac                Reset_Handler
                0x0000000008000c64                RTC_WKUP_Handler
                0x0000000008000c64                FLASH_Handler
                0x0000000008000c64                DMA2_Stream7_Handler
                0x0000000008000c64                OTG_HS_Handler
                0x0000000008000c64                DMA2_Stream3_Handler
                0x0000000008000c64                USART3_Handler
                0x0000000008000c64                PendSV_Handler
                0x0000000008000c64                NMI_Handler
                0x0000000008000c64                SAI1_Handler
                0x0000000008000c64                TIM6_DAC_Handler
                0x0000000008000c64                CAN1_RX1_Handler
                0x0000000008000c64                EXTI15_10_Handler
                0x0000000008000c64                ADC_Handler
                0x0000000008000c64                I2C1_EV_Handler
                0x0000000008000c64                TAMP_STAMP_Handler
                0x0000000008000c64                I2C3_ER_Handler
                0x0000000008000c64                WWDG_Handler
                0x0000000008000c64                EXTI4_Handler
                0x0000000008000c64                I2C3_EV_Handler
                0x0000000008000c64                DMA1_Stream1_Handler
                0x0000000008000c64                DMA2_Stream4_Handler
                0x0000000008000c64                DMA1_Stream7_Handler
                0x0000000008000c64                OTG_FS_Handler
                0x0000000008000c64                TIM1_BRK_TIM9_Handler
                0x0000000008000c64                I2C1_ER_Handler
                0x0000000008000c64                DMA1_Stream3_Handler
                0x0000000008000c64                UsageFault_Handler
                0x0000000008000c64                TIM1_UP_TIM10_Handler
                0x0000000008000c64                CAN1_RX0_Handler
                0x0000000008000c64                TIM1_CC_Handler
                0x0000000008000c64                I2C2_ER_Handler
                0x0000000008000c64                USART6_Handler
                0x0000000008000c64                TIM8_CC_Handler
                0x0000000008000c64                HDMI_CEC_Handler
                0x0000000008000c64                SAI2_Handler
                0x0000000008000c64                CAN1_SCE_Handler
                0x0000000008000c64                DMA1_Stream0_Handler
                0x0000000008000c64                OTG_HS_EP1_OUT_Handler
                0x0000000008000c64                EXTI1_Handler
                0x0000000008000c64                FMC_Handler
                0x0000000008000c64                EXTI3_Handler
                0x0000000008000c64                EXTI2_Handler
                0x0000000008000c64                CAN2_RX1_Handler
                0x0000000008000c64                EXTI9_5_Handler
                0x0000000008000c64                TIM2_Handler
                0x0000000008000c64                USART1_Handler
                0x0000000008000c64                CAN2_SCE_Handler
                0x0000000008000c64                TIM3_Handler
                0x0000000008000c64                DMA2_Stream6_Handler
                0x0000000008000c64                Default_Handler
                0x0000000008000c64                DCMI_Handler
                0x0000000008000c64                TIM1_TRG_COM_TIM11_Handler
                0x0000000008000c64                RTC_Alarm_Handler
                0x0000000008000c64                TIM4_Handler
                0x0000000008000c64                TIM8_UP_TIM13_Handler
                0x0000000008000c64                SPI2_Handler
                0x0000000008000c64                DMA2_Stream1_Handler
                0x0000000008000c64                DMA1_Stream2_Handler
                0x0000000008000c64                TIM8_BRK_TIM12_Handler
                0x0000000008000c64                DMA2_Stream5_Handler
                0x0000000008000c64                DMA1_Stream6_Handler
                0x0000000008000c64                SDIO_Handler
                0x0000000008000c64                FMPI2C1_ERR_Handler
                0x0000000008000c64                USART2_Handler
                0x0000000008000c64                SPI1_Handler
                0x0000000008000c64                I2C2_EV_Handler
                0x0000000008000c64                SPDIF_Rx_Handler
                0x0000000008000c64                DMA2_Stream2_Handler
                0x0000000008000c64                SPI3_Handler
                0x0000000008000c64                DMA2_Stream0_Handler
                0x0000000008000c64                RCC_Handler
                0x0000000008000c64                PVD_Handler
                0x0000000008000c64                UART5_Handler
                0x0000000008000c64                DMA1_Stream5_Handler
                0x0000000008000c64                TIM5_Handler
                0x0000000008000c64                QuadSPI_Handler
                0x0000000008000c64                TIM7_Handler
                0x0000000008000c64                TIM8_TRG_COM_TIM14_Handler
                0x0000000008000c64                CAN1_TX_Handler
                0x0000000008000c64                FPU_Handler
                0x0000000008000c64                FMPI2C1_Handler
                0x0000000008000c64                DMA1_Stream4_Handler
                0x0000000008000c64                DebugMonitor_Handler
                0x0000000008000c64                OTG_HS_WKUP_Handler
                0x0000000008000c64                OTG_FS_WKUP_Handler
                0x0000000008000c64                SPI4_Handler
                0x0000000008000c64                OTG_HS_EP1_IN_Handler
                0x0000000008000c6a                HardFault_Handler
                0x0000000008000c94                MemManage_Handler
                0x0000000008000c9a                BusFault_Handler
                0x0000000008000ca0                SVCall_Handler
                0x0000000008000cae                EXTI0_Handler
 .text          0x0000000008000ce8      0x3a0 object/sys.o
                0x0000000008000ce8                __NVIC_SetPriority
                0x0000000008000d3c                __NVIC_GetPriority
                0x0000000008000d8c                __NVIC_EnableIRQn
                0x0000000008000de8                __NVIC_DisableIRQn
                0x0000000008000e48                __disable_irq
                0x0000000008000e5e                __set_BASEPRI
                0x0000000008000e8c                get_basepri_value
                0x0000000008000ea8                __unset_BASEPRI
                0x0000000008000ecc                __enable_irq
                0x0000000008000ee2                __set_PRIMASK
                0x0000000008000efe                get_PRIMASK
                0x0000000008000f1a                __enable_fault_irq
                0x0000000008000f30                __set_FAULTMASK
                0x0000000008000f4c                __disable_fault_irq
                0x0000000008000f62                __get_FAULTMASK
                0x0000000008000f7e                __clear_pending_IRQn
                0x0000000008000fe0                __get_pending_IRQn
                0x0000000008001034                __NVIC_GetActive
 .text          0x0000000008001088       0xbc object/clock.o
                0x0000000008001088                DRV_CLOCK_INIT
 .text          0x0000000008001144      0x2cc object/usart.o
                0x0000000008001144                DRV_USART2_INIT
                0x00000000080011f8                DRV_USART4_INIT
                0x00000000080012b8                UART_SendChar
                0x00000000080012e6                _USART_WRITE
                0x0000000008001314                _USART_READ
                0x0000000008001370                UART_GetChar
                0x000000000800139a                _USART_READ_STR
 .text          0x0000000008001410       0x20 object/gpio.o
                0x0000000008001410                DRV_GPIO_INIT
 .text          0x0000000008001430        0xe object/timer.o
                0x0000000008001430                DRV_TIMER_INIT
 *fill*         0x000000000800143e        0x2 
 .text          0x0000000008001440      0x314 object/kstdio.o
                0x0000000008001440                kprintf
                0x00000000080015d0                kscanf
 .text          0x0000000008001754      0x4fc object/a9g.o
                0x0000000008001754                a9g_send_at
                0x00000000080018f0                a9g_init
                0x00000000080019e8                a9g_buffer_init
                0x0000000008001a04                store_char
                0x0000000008001a4a                a9g_data_available
                0x0000000008001a88                a9g_peek
                0x0000000008001ac4                a9g_read
                0x0000000008001b1c                a9g_flush
                0x0000000008001b68                a9G_wait_for
                0x0000000008001c14                UART4_Handler
 .text          0x0000000008001c50      0x7d8 object/se7en_segment.o
                0x0000000008001c50                se7en_seg_init
                0x0000000008001d38                se7en_seg_print
 .text          0x0000000008002428      0x4f0 object/can.o
                0x0000000008002428                CAN_setup
                0x0000000008002514                CAN_wrFilter
                0x0000000008002634                CAN_start
                0x0000000008002674                CAN_waitReady
                0x00000000080026a0                CAN_wrMsg
                0x00000000080027a8                CAN_rdMsg
                0x000000000800289c                CAN2_TX_Handler
                0x00000000080028e0                CAN2_RX0_Handler
 .text          0x0000000008002918       0x4c object/sys_init.o
                0x0000000008002918                __sys_init
 .text          0x0000000008002964        0x0 object/unistd.o
 .text          0x0000000008002964        0x0 object/times.o
 .text          0x0000000008002964        0x0 object/kunistd.o
 .text          0x0000000008002964        0x0 object/ktimes.o
 .text          0x0000000008002964       0x5e object/syscall.o
                0x0000000008002964                syscall
 *fill*         0x00000000080029c2        0x2 
 .text          0x00000000080029c4       0x98 object/test_interrupt.o
                0x00000000080029c4                enable_hardfault_event
                0x00000000080029f4                enableSysTickInterrupt
                0x0000000008002a18                disableSysTickInterrupt
                0x0000000008002a3c                reboot
 *(.rodata)
 .rodata        0x0000000008002a5c       0x30 object/cm4.o
 .rodata        0x0000000008002a8c       0x7c object/stm32_startup.o
 .rodata        0x0000000008002b08       0x54 object/sys.o
 .rodata        0x0000000008002b5c      0x15e object/a9g.o
 *fill*         0x0000000008002cba        0x2 
 .rodata        0x0000000008002cbc       0x38 object/can.o
 .rodata        0x0000000008002cf4       0x3d object/sys_init.o
 *fill*         0x0000000008002d31        0x3 
 .rodata        0x0000000008002d34      0x6f8 object/syscall.o
                0x0000000008003324                sys_errlist
                0x0000000008003428                sys_nerr
 .rodata        0x000000000800342c       0x46 object/test_interrupt.o
                0x0000000008003474                . = ALIGN (0x4)
 *fill*         0x0000000008003472        0x2 
                0x0000000008003474                _etext = .
                0x0000000008003474                _la_data = LOADADDR (.data)

.glue_7         0x0000000008003474        0x0
 .glue_7        0x0000000008003474        0x0 linker stubs

.glue_7t        0x0000000008003474        0x0
 .glue_7t       0x0000000008003474        0x0 linker stubs

.vfp11_veneer   0x0000000008003474        0x0
 .vfp11_veneer  0x0000000008003474        0x0 linker stubs

.v4_bx          0x0000000008003474        0x0
 .v4_bx         0x0000000008003474        0x0 linker stubs

.iplt           0x0000000008003474        0x0
 .iplt          0x0000000008003474        0x0 object/cm4.o

.rel.dyn        0x0000000008003474        0x0
 .rel.iplt      0x0000000008003474        0x0 object/cm4.o

.data           0x0000000020000000       0x34 load address 0x0000000008003474
                0x0000000020000000                _sdata = .
 *(.data)
 .data          0x0000000020000000        0x0 object/kmath.o
 .data          0x0000000020000000        0x0 object/kfloat.o
 .data          0x0000000020000000        0x0 object/cm4.o
 .data          0x0000000020000000       0x25 object/kstring.o
 .data          0x0000000020000025        0x0 object/kmain.o
 .data          0x0000000020000025        0x0 object/stm32_startup.o
 .data          0x0000000020000025        0x0 object/sys.o
 .data          0x0000000020000025        0x0 object/clock.o
 .data          0x0000000020000025        0x0 object/usart.o
 .data          0x0000000020000025        0x0 object/gpio.o
 .data          0x0000000020000025        0x0 object/timer.o
 .data          0x0000000020000025        0x0 object/kstdio.o
 .data          0x0000000020000025        0x0 object/a9g.o
 .data          0x0000000020000025        0x7 object/se7en_segment.o
                0x0000000020000025                top
                0x0000000020000026                top_left
                0x0000000020000027                top_right
                0x0000000020000028                middle
                0x0000000020000029                bottom
                0x000000002000002a                bottom_left
                0x000000002000002b                bottom_right
 .data          0x000000002000002c        0x0 object/can.o
 .data          0x000000002000002c        0x0 object/sys_init.o
 .data          0x000000002000002c        0x0 object/unistd.o
 .data          0x000000002000002c        0x0 object/times.o
 .data          0x000000002000002c        0x0 object/kunistd.o
 .data          0x000000002000002c        0x0 object/ktimes.o
 .data          0x000000002000002c        0x0 object/syscall.o
 .data          0x000000002000002c        0x8 object/test_interrupt.o
                0x000000002000002c                clockChoice
                0x0000000020000030                clockRateMHz
                0x0000000020000034                . = ALIGN (0x4)
                0x0000000020000034                _edata = .

.igot.plt       0x0000000020000034        0x0 load address 0x00000000080034a8
 .igot.plt      0x0000000020000034        0x0 object/cm4.o

.bss            0x0000000020000034      0x288 load address 0x00000000080034a8
                0x0000000020000034                _sbss = .
 *(.bss)
 .bss           0x0000000020000034        0x0 object/kmath.o
 .bss           0x0000000020000034        0x0 object/kfloat.o
 .bss           0x0000000020000034        0x4 object/cm4.o
 .bss           0x0000000020000038       0x32 object/kstring.o
 *fill*         0x000000002000006a        0x2 
 .bss           0x000000002000006c        0x8 object/kmain.o
                0x000000002000006c                val_Tx
                0x0000000020000070                val_Rx
 .bss           0x0000000020000074        0xc object/stm32_startup.o
                0x0000000020000074                _bss_size
                0x0000000020000078                _data_size
                0x000000002000007c                _text_size
 .bss           0x0000000020000080        0x0 object/sys.o
 .bss           0x0000000020000080        0x0 object/clock.o
 .bss           0x0000000020000080        0x0 object/usart.o
 .bss           0x0000000020000080        0x0 object/gpio.o
 .bss           0x0000000020000080        0x0 object/timer.o
 .bss           0x0000000020000080        0x0 object/kstdio.o
 .bss           0x0000000020000080      0x20c object/a9g.o
 .bss           0x000000002000028c        0x0 object/se7en_segment.o
 .bss           0x000000002000028c       0x2a object/can.o
                0x000000002000028c                CAN_TxMsg
                0x000000002000029c                CAN_RxMsg
                0x00000000200002ac                CAN_TxRdy
                0x00000000200002b0                CAN_RxRdy
 .bss           0x00000000200002b6        0x0 object/sys_init.o
 .bss           0x00000000200002b6        0x0 object/unistd.o
 .bss           0x00000000200002b6        0x0 object/times.o
 .bss           0x00000000200002b6        0x0 object/kunistd.o
 .bss           0x00000000200002b6        0x0 object/ktimes.o
 .bss           0x00000000200002b6        0x0 object/syscall.o
 *fill*         0x00000000200002b6        0x2 
 .bss           0x00000000200002b8        0x4 object/test_interrupt.o
                0x00000000200002b8                hardfault_event_enabled
                0x00000000200002bc                _ebss = .
OUTPUT(target/duos elf32-littlearm)
LOAD linker stubs

.comment        0x0000000000000000       0x49
 .comment       0x0000000000000000       0x49 object/kmath.o
                                         0x4a (size before relaxing)
 .comment       0x0000000000000049       0x4a object/kfloat.o
 .comment       0x0000000000000049       0x4a object/cm4.o
 .comment       0x0000000000000049       0x4a object/kstring.o
 .comment       0x0000000000000049       0x4a object/kmain.o
 .comment       0x0000000000000049       0x4a object/stm32_startup.o
 .comment       0x0000000000000049       0x4a object/sys.o
 .comment       0x0000000000000049       0x4a object/clock.o
 .comment       0x0000000000000049       0x4a object/usart.o
 .comment       0x0000000000000049       0x4a object/gpio.o
 .comment       0x0000000000000049       0x4a object/timer.o
 .comment       0x0000000000000049       0x4a object/kstdio.o
 .comment       0x0000000000000049       0x4a object/a9g.o
 .comment       0x0000000000000049       0x4a object/se7en_segment.o
 .comment       0x0000000000000049       0x4a object/can.o
 .comment       0x0000000000000049       0x4a object/sys_init.o
 .comment       0x0000000000000049       0x4a object/unistd.o
 .comment       0x0000000000000049       0x4a object/times.o
 .comment       0x0000000000000049       0x4a object/kunistd.o
 .comment       0x0000000000000049       0x4a object/ktimes.o
 .comment       0x0000000000000049       0x4a object/syscall.o
 .comment       0x0000000000000049       0x4a object/test_interrupt.o

.ARM.attributes
                0x0000000000000000       0x32
 .ARM.attributes
                0x0000000000000000       0x32 object/kmath.o
 .ARM.attributes
                0x0000000000000032       0x32 object/kfloat.o
 .ARM.attributes
                0x0000000000000064       0x32 object/cm4.o
 .ARM.attributes
                0x0000000000000096       0x32 object/kstring.o
 .ARM.attributes
                0x00000000000000c8       0x32 object/kmain.o
 .ARM.attributes
                0x00000000000000fa       0x32 object/stm32_startup.o
 .ARM.attributes
                0x000000000000012c       0x32 object/sys.o
 .ARM.attributes
                0x000000000000015e       0x32 object/clock.o
 .ARM.attributes
                0x0000000000000190       0x32 object/usart.o
 .ARM.attributes
                0x00000000000001c2       0x32 object/gpio.o
 .ARM.attributes
                0x00000000000001f4       0x32 object/timer.o
 .ARM.attributes
                0x0000000000000226       0x32 object/kstdio.o
 .ARM.attributes
                0x0000000000000258       0x32 object/a9g.o
 .ARM.attributes
                0x000000000000028a       0x32 object/se7en_segment.o
 .ARM.attributes
                0x00000000000002bc       0x32 object/can.o
 .ARM.attributes
                0x00000000000002ee       0x32 object/sys_init.o
 .ARM.attributes
                0x0000000000000320       0x32 object/unistd.o
 .ARM.attributes
                0x0000000000000352       0x32 object/times.o
 .ARM.attributes
                0x0000000000000384       0x32 object/kunistd.o
 .ARM.attributes
                0x00000000000003b6       0x32 object/ktimes.o
 .ARM.attributes
                0x00000000000003e8       0x32 object/syscall.o
 .ARM.attributes
                0x000000000000041a       0x32 object/test_interrupt.o
