
Memory Configuration

Name             Origin             Length             Attributes
FLASH            0x0000000008000000 0x0000000000080000 xr
SRAM             0x0000000020000000 0x0000000000020000 xrw
*default*        0x0000000000000000 0xffffffffffffffff

Linker script and memory map

LOAD object/schedule.o
LOAD object/kmath.o
LOAD object/kfloat.o
LOAD object/cm4.o
LOAD object/kstring.o
LOAD object/kmain.o
LOAD object/stm32_startup.o
LOAD object/sys.o
LOAD object/clock.o
LOAD object/usart.o
LOAD object/gpio.o
LOAD object/timer.o
LOAD object/kstdio.o
LOAD object/sem.o
LOAD object/se7en_segment.o
LOAD object/sys_init.o
LOAD object/ustd.o
LOAD object/main.o
LOAD object/times.o
LOAD object/kunistd.o
LOAD object/ktimes.o
LOAD object/syscall.o
LOAD object/test_interrupt.o

.text           0x0000000008000000     0x3718
                0x0000000008000000                _stext = .
 *(.isr_vector)
 .isr_vector    0x0000000008000000      0x1c4 object/stm32_startup.o
                0x0000000008000000                NVIC_VECTOR
 *(.text)
 .text          0x00000000080001c4      0x5d0 object/schedule.o
                0x00000000080001c4                init_queue
                0x00000000080001f0                queue_add
                0x0000000008000248                pop
                0x00000000080002a4                __schedule
                0x000000000800039c                __create_task
                0x000000000800049c                __start_task
                0x0000000008000524                __set_sleep
                0x0000000008000544                PendSV_Handler
                0x0000000008000588                retarted_dealy
                0x00000000080005b4                print_entire_queue
                0x0000000008000658                print_task_info
                0x000000000800068c                down
                0x00000000080006a0                up
                0x00000000080006c4                push_sem
                0x000000000800071c                pop_sem
                0x0000000008000774                is_sem_empty
 .text          0x0000000008000794       0x4e object/kmath.o
                0x0000000008000794                __pow
 *fill*         0x00000000080007e2        0x2 
 .text          0x00000000080007e4      0x360 object/kfloat.o
                0x00000000080007e4                __aeabi_f2d
                0x00000000080008aa                __aeabi_d2f
                0x0000000008000930                __aeabi_d2iz
                0x00000000080009c6                __aeabi_d2i
                0x0000000008000a5c                get_decimal_part
 .text          0x0000000008000b44      0x1f0 object/cm4.o
                0x0000000008000b44                __SysTick_init
                0x0000000008000b9c                __sysTick_enable
                0x0000000008000bc8                __sysTick_disable
                0x0000000008000bf4                __getSysTickCount
                0x0000000008000c0c                __updateSysTick
                0x0000000008000c64                __getTime
                0x0000000008000c9c                SysTick_Handler
                0x0000000008000cf0                __enable_fpu
                0x0000000008000d14                __set_pending
 .text          0x0000000008000d34      0x368 object/kstring.o
                0x0000000008000d34                __str_to_num
                0x0000000008000df4                __reverse_str
                0x0000000008000e52                __strlen
                0x0000000008000e80                convert
                0x0000000008000ed8                float2str
                0x0000000008000fa4                str2float
 .text          0x000000000800109c      0x53c object/kmain.o
                0x000000000800109c                task
                0x00000000080010f4                task_sem
                0x00000000080011c4                sleep_state
                0x00000000080011e0                print_stats
                0x00000000080012e8                SVC_Init
                0x00000000080012fc                PSP_Init
                0x0000000008001316                round_robin_no_semaphore
                0x00000000080013b8                round_robin_semaphore
                0x000000000800145c                fcfs_no_semaphore
                0x0000000008001500                fcfs_semaphore
                0x00000000080015a4                kmain
 .text          0x00000000080015d8      0x144 object/stm32_startup.o
                0x00000000080015d8                Reset_Handler
                0x0000000008001690                RTC_WKUP_Handler
                0x0000000008001690                FLASH_Handler
                0x0000000008001690                DMA2_Stream7_Handler
                0x0000000008001690                OTG_HS_Handler
                0x0000000008001690                DMA2_Stream3_Handler
                0x0000000008001690                USART3_Handler
                0x0000000008001690                NMI_Handler
                0x0000000008001690                SAI1_Handler
                0x0000000008001690                TIM6_DAC_Handler
                0x0000000008001690                CAN1_RX1_Handler
                0x0000000008001690                EXTI15_10_Handler
                0x0000000008001690                ADC_Handler
                0x0000000008001690                I2C1_EV_Handler
                0x0000000008001690                TAMP_STAMP_Handler
                0x0000000008001690                I2C3_ER_Handler
                0x0000000008001690                WWDG_Handler
                0x0000000008001690                EXTI4_Handler
                0x0000000008001690                I2C3_EV_Handler
                0x0000000008001690                DMA1_Stream1_Handler
                0x0000000008001690                DMA2_Stream4_Handler
                0x0000000008001690                DMA1_Stream7_Handler
                0x0000000008001690                OTG_FS_Handler
                0x0000000008001690                TIM1_BRK_TIM9_Handler
                0x0000000008001690                I2C1_ER_Handler
                0x0000000008001690                DMA1_Stream3_Handler
                0x0000000008001690                UsageFault_Handler
                0x0000000008001690                TIM1_UP_TIM10_Handler
                0x0000000008001690                CAN1_RX0_Handler
                0x0000000008001690                TIM1_CC_Handler
                0x0000000008001690                I2C2_ER_Handler
                0x0000000008001690                USART6_Handler
                0x0000000008001690                TIM8_CC_Handler
                0x0000000008001690                HDMI_CEC_Handler
                0x0000000008001690                SAI2_Handler
                0x0000000008001690                CAN1_SCE_Handler
                0x0000000008001690                DMA1_Stream0_Handler
                0x0000000008001690                OTG_HS_EP1_OUT_Handler
                0x0000000008001690                EXTI1_Handler
                0x0000000008001690                FMC_Handler
                0x0000000008001690                EXTI3_Handler
                0x0000000008001690                EXTI2_Handler
                0x0000000008001690                UART4_Handler
                0x0000000008001690                CAN2_RX1_Handler
                0x0000000008001690                EXTI9_5_Handler
                0x0000000008001690                TIM2_Handler
                0x0000000008001690                USART1_Handler
                0x0000000008001690                CAN2_SCE_Handler
                0x0000000008001690                TIM3_Handler
                0x0000000008001690                DMA2_Stream6_Handler
                0x0000000008001690                Default_Handler
                0x0000000008001690                DCMI_Handler
                0x0000000008001690                TIM1_TRG_COM_TIM11_Handler
                0x0000000008001690                RTC_Alarm_Handler
                0x0000000008001690                TIM4_Handler
                0x0000000008001690                TIM8_UP_TIM13_Handler
                0x0000000008001690                CAN2_TX_Handler
                0x0000000008001690                SPI2_Handler
                0x0000000008001690                DMA2_Stream1_Handler
                0x0000000008001690                DMA1_Stream2_Handler
                0x0000000008001690                TIM8_BRK_TIM12_Handler
                0x0000000008001690                CAN2_RX0_Handler
                0x0000000008001690                DMA2_Stream5_Handler
                0x0000000008001690                DMA1_Stream6_Handler
                0x0000000008001690                SDIO_Handler
                0x0000000008001690                FMPI2C1_ERR_Handler
                0x0000000008001690                USART2_Handler
                0x0000000008001690                SPI1_Handler
                0x0000000008001690                I2C2_EV_Handler
                0x0000000008001690                SPDIF_Rx_Handler
                0x0000000008001690                DMA2_Stream2_Handler
                0x0000000008001690                SPI3_Handler
                0x0000000008001690                DMA2_Stream0_Handler
                0x0000000008001690                RCC_Handler
                0x0000000008001690                PVD_Handler
                0x0000000008001690                UART5_Handler
                0x0000000008001690                DMA1_Stream5_Handler
                0x0000000008001690                TIM5_Handler
                0x0000000008001690                QuadSPI_Handler
                0x0000000008001690                TIM7_Handler
                0x0000000008001690                TIM8_TRG_COM_TIM14_Handler
                0x0000000008001690                CAN1_TX_Handler
                0x0000000008001690                FPU_Handler
                0x0000000008001690                FMPI2C1_Handler
                0x0000000008001690                DMA1_Stream4_Handler
                0x0000000008001690                DebugMonitor_Handler
                0x0000000008001690                OTG_HS_WKUP_Handler
                0x0000000008001690                OTG_FS_WKUP_Handler
                0x0000000008001690                SPI4_Handler
                0x0000000008001690                OTG_HS_EP1_IN_Handler
                0x0000000008001696                HardFault_Handler
                0x00000000080016a8                MemManage_Handler
                0x00000000080016ae                BusFault_Handler
                0x00000000080016b4                SVCall_Handler
                0x00000000080016d8                SVC_Handler_Main
                0x00000000080016ee                EXTI0_Handler
 .text          0x000000000800171c      0x3a0 object/sys.o
                0x000000000800171c                __NVIC_SetPriority
                0x0000000008001770                __NVIC_GetPriority
                0x00000000080017c0                __NVIC_EnableIRQn
                0x000000000800181c                __NVIC_DisableIRQn
                0x000000000800187c                __disable_irq
                0x0000000008001892                __set_BASEPRI
                0x00000000080018c0                get_basepri_value
                0x00000000080018dc                __unset_BASEPRI
                0x0000000008001900                __enable_irq
                0x0000000008001916                __set_PRIMASK
                0x0000000008001932                get_PRIMASK
                0x000000000800194e                __enable_fault_irq
                0x0000000008001964                __set_FAULTMASK
                0x0000000008001980                __disable_fault_irq
                0x0000000008001996                __get_FAULTMASK
                0x00000000080019b2                __clear_pending_IRQn
                0x0000000008001a14                __get_pending_IRQn
                0x0000000008001a68                __NVIC_GetActive
 .text          0x0000000008001abc       0xbc object/clock.o
                0x0000000008001abc                DRV_CLOCK_INIT
 .text          0x0000000008001b78      0x214 object/usart.o
                0x0000000008001b78                DRV_USART_INIT
                0x0000000008001c34                UART_SendChar
                0x0000000008001c62                _USART_WRITE
                0x0000000008001c90                _USART_READ
                0x0000000008001cec                UART_GetChar
                0x0000000008001d16                _USART_READ_STR
 .text          0x0000000008001d8c       0x20 object/gpio.o
                0x0000000008001d8c                DRV_GPIO_INIT
 .text          0x0000000008001dac        0xe object/timer.o
                0x0000000008001dac                DRV_TIMER_INIT
 *fill*         0x0000000008001dba        0x2 
 .text          0x0000000008001dbc      0x314 object/kstdio.o
                0x0000000008001dbc                kprintf
                0x0000000008001f4c                kscanf
 .text          0x00000000080020d0       0x66 object/sem.o
                0x00000000080020d0                sem_dec
                0x0000000008002104                sem_inc
 *fill*         0x0000000008002136        0x2 
 .text          0x0000000008002138      0x7d8 object/se7en_segment.o
                0x0000000008002138                se7en_seg_init
                0x0000000008002220                se7en_seg_print
 .text          0x0000000008002910       0x44 object/sys_init.o
                0x0000000008002910                __sys_init
 .text          0x0000000008002954       0xa4 object/ustd.o
                0x0000000008002954                printf
                0x0000000008002980                yeild
                0x0000000008002990                task_exit
                0x00000000080029a8                getpid
                0x00000000080029d6                start_task
 .text          0x00000000080029f8       0x14 object/main.o
                0x00000000080029f8                main
 .text          0x0000000008002a0c        0x0 object/times.o
 .text          0x0000000008002a0c       0x90 object/kunistd.o
                0x0000000008002a0c                __sys_write
                0x0000000008002a2c                __sys_start_task
                0x0000000008002a56                __sys_getpid
                0x0000000008002a74                __sys_get_time
 .text          0x0000000008002a9c        0x0 object/ktimes.o
 .text          0x0000000008002a9c       0xf8 object/syscall.o
                0x0000000008002a9c                syscall
 .text          0x0000000008002b94       0x98 object/test_interrupt.o
                0x0000000008002b94                enable_hardfault_event
                0x0000000008002bc4                enableSysTickInterrupt
                0x0000000008002be8                disableSysTickInterrupt
                0x0000000008002c0c                reboot
 *(.rodata)
 .rodata        0x0000000008002c2c       0xe6 object/schedule.o
 *fill*         0x0000000008002d12        0x2 
 .rodata        0x0000000008002d14      0x1ae object/kmain.o
 *fill*         0x0000000008002ec2        0x2 
 .rodata        0x0000000008002ec4       0x4c object/stm32_startup.o
 .rodata        0x0000000008002f10       0x54 object/sys.o
 .rodata        0x0000000008002f64       0x37 object/sys_init.o
 *fill*         0x0000000008002f9b        0x1 
 .rodata        0x0000000008002f9c       0x1e object/ustd.o
 *fill*         0x0000000008002fba        0x2 
 .rodata        0x0000000008002fbc        0xd object/main.o
 *fill*         0x0000000008002fc9        0x3 
 .rodata        0x0000000008002fcc        0xb object/kunistd.o
 *fill*         0x0000000008002fd7        0x1 
 .rodata        0x0000000008002fd8      0x6f8 object/syscall.o
                0x00000000080035c8                sys_errlist
                0x00000000080036cc                sys_nerr
 .rodata        0x00000000080036d0       0x46 object/test_interrupt.o
                0x0000000008003718                . = ALIGN (0x4)
 *fill*         0x0000000008003716        0x2 
                0x0000000008003718                _etext = .
                0x0000000008003718                _la_data = LOADADDR (.data)

.glue_7         0x0000000008003718        0x0
 .glue_7        0x0000000008003718        0x0 linker stubs

.glue_7t        0x0000000008003718        0x0
 .glue_7t       0x0000000008003718        0x0 linker stubs

.vfp11_veneer   0x0000000008003718        0x0
 .vfp11_veneer  0x0000000008003718        0x0 linker stubs

.v4_bx          0x0000000008003718        0x0
 .v4_bx         0x0000000008003718        0x0 linker stubs

.iplt           0x0000000008003718        0x0
 .iplt          0x0000000008003718        0x0 object/schedule.o

.rel.dyn        0x0000000008003718        0x0
 .rel.iplt      0x0000000008003718        0x0 object/schedule.o

.data           0x0000000020000000       0x40 load address 0x0000000008003718
                0x0000000020000000                _sdata = .
 *(.data)
 .data          0x0000000020000000        0x8 object/schedule.o
                0x0000000020000000                TASK_ID
                0x0000000020000004                task_semaphore
 .data          0x0000000020000008        0x0 object/kmath.o
 .data          0x0000000020000008        0x0 object/kfloat.o
 .data          0x0000000020000008        0x4 object/cm4.o
                0x0000000020000008                reload
 .data          0x000000002000000c       0x25 object/kstring.o
 .data          0x0000000020000031        0x0 object/kmain.o
 .data          0x0000000020000031        0x0 object/stm32_startup.o
 .data          0x0000000020000031        0x0 object/sys.o
 .data          0x0000000020000031        0x0 object/clock.o
 .data          0x0000000020000031        0x0 object/usart.o
 .data          0x0000000020000031        0x0 object/gpio.o
 .data          0x0000000020000031        0x0 object/timer.o
 .data          0x0000000020000031        0x0 object/kstdio.o
 .data          0x0000000020000031        0x0 object/sem.o
 .data          0x0000000020000031        0x7 object/se7en_segment.o
                0x0000000020000031                top
                0x0000000020000032                top_left
                0x0000000020000033                top_right
                0x0000000020000034                middle
                0x0000000020000035                bottom
                0x0000000020000036                bottom_left
                0x0000000020000037                bottom_right
 .data          0x0000000020000038        0x0 object/sys_init.o
 .data          0x0000000020000038        0x0 object/ustd.o
 .data          0x0000000020000038        0x0 object/main.o
 .data          0x0000000020000038        0x0 object/times.o
 .data          0x0000000020000038        0x0 object/kunistd.o
 .data          0x0000000020000038        0x0 object/ktimes.o
 .data          0x0000000020000038        0x0 object/syscall.o
 .data          0x0000000020000038        0x8 object/test_interrupt.o
                0x0000000020000038                clockChoice
                0x000000002000003c                clockRateMHz
                0x0000000020000040                . = ALIGN (0x4)
                0x0000000020000040                _edata = .

.igot.plt       0x0000000020000040        0x0 load address 0x0000000008003758
 .igot.plt      0x0000000020000040        0x0 object/schedule.o

.bss            0x0000000020000040      0x53c load address 0x0000000008003758
                0x0000000020000040                _sbss = .
 *(.bss)
 .bss           0x0000000020000040      0x170 object/schedule.o
                0x0000000020000040                queue
                0x00000000200000f0                sleep_task
                0x00000000200000f4                current_task
                0x00000000200000f8                task_start_time
                0x00000000200000fc                SCHEDEULING_ALGORITHM
                0x0000000020000100                sem_queue
 .bss           0x00000000200001b0        0x0 object/kmath.o
 .bss           0x00000000200001b0        0x0 object/kfloat.o
 .bss           0x00000000200001b0        0x5 object/cm4.o
                0x00000000200001b4                _if_pending
 *fill*         0x00000000200001b5        0x3 
 .bss           0x00000000200001b8       0x32 object/kstring.o
 *fill*         0x00000000200001ea        0x2 
 .bss           0x00000000200001ec      0x34c object/kmain.o
                0x00000000200001ec                __task
                0x000000002000050c                __sleep
                0x0000000020000534                GLOBAL_COUNT
 .bss           0x0000000020000538        0xc object/stm32_startup.o
                0x0000000020000538                _bss_size
                0x000000002000053c                _data_size
                0x0000000020000540                _text_size
 .bss           0x0000000020000544        0x0 object/sys.o
 .bss           0x0000000020000544        0x0 object/clock.o
 .bss           0x0000000020000544        0x0 object/usart.o
 .bss           0x0000000020000544        0x0 object/gpio.o
 .bss           0x0000000020000544        0x0 object/timer.o
 .bss           0x0000000020000544        0x0 object/kstdio.o
 .bss           0x0000000020000544        0x0 object/sem.o
 .bss           0x0000000020000544        0x0 object/se7en_segment.o
 .bss           0x0000000020000544        0x0 object/sys_init.o
 .bss           0x0000000020000544       0x32 object/ustd.o
 .bss           0x0000000020000576        0x0 object/main.o
 .bss           0x0000000020000576        0x0 object/times.o
 .bss           0x0000000020000576        0x0 object/kunistd.o
 .bss           0x0000000020000576        0x0 object/ktimes.o
 .bss           0x0000000020000576        0x0 object/syscall.o
 *fill*         0x0000000020000576        0x2 
 .bss           0x0000000020000578        0x4 object/test_interrupt.o
                0x0000000020000578                hardfault_event_enabled
                0x000000002000057c                _ebss = .
OUTPUT(target/duos elf32-littlearm)
LOAD linker stubs

.comment        0x0000000000000000       0x49
 .comment       0x0000000000000000       0x49 object/schedule.o
                                         0x4a (size before relaxing)
 .comment       0x0000000000000049       0x4a object/kmath.o
 .comment       0x0000000000000049       0x4a object/kfloat.o
 .comment       0x0000000000000049       0x4a object/cm4.o
 .comment       0x0000000000000049       0x4a object/kstring.o
 .comment       0x0000000000000049       0x4a object/kmain.o
 .comment       0x0000000000000049       0x4a object/stm32_startup.o
 .comment       0x0000000000000049       0x4a object/sys.o
 .comment       0x0000000000000049       0x4a object/clock.o
 .comment       0x0000000000000049       0x4a object/usart.o
 .comment       0x0000000000000049       0x4a object/gpio.o
 .comment       0x0000000000000049       0x4a object/timer.o
 .comment       0x0000000000000049       0x4a object/kstdio.o
 .comment       0x0000000000000049       0x4a object/sem.o
 .comment       0x0000000000000049       0x4a object/se7en_segment.o
 .comment       0x0000000000000049       0x4a object/sys_init.o
 .comment       0x0000000000000049       0x4a object/ustd.o
 .comment       0x0000000000000049       0x4a object/main.o
 .comment       0x0000000000000049       0x4a object/times.o
 .comment       0x0000000000000049       0x4a object/kunistd.o
 .comment       0x0000000000000049       0x4a object/ktimes.o
 .comment       0x0000000000000049       0x4a object/syscall.o
 .comment       0x0000000000000049       0x4a object/test_interrupt.o

.ARM.attributes
                0x0000000000000000       0x32
 .ARM.attributes
                0x0000000000000000       0x32 object/schedule.o
 .ARM.attributes
                0x0000000000000032       0x32 object/kmath.o
 .ARM.attributes
                0x0000000000000064       0x32 object/kfloat.o
 .ARM.attributes
                0x0000000000000096       0x32 object/cm4.o
 .ARM.attributes
                0x00000000000000c8       0x32 object/kstring.o
 .ARM.attributes
                0x00000000000000fa       0x32 object/kmain.o
 .ARM.attributes
                0x000000000000012c       0x32 object/stm32_startup.o
 .ARM.attributes
                0x000000000000015e       0x32 object/sys.o
 .ARM.attributes
                0x0000000000000190       0x32 object/clock.o
 .ARM.attributes
                0x00000000000001c2       0x32 object/usart.o
 .ARM.attributes
                0x00000000000001f4       0x32 object/gpio.o
 .ARM.attributes
                0x0000000000000226       0x32 object/timer.o
 .ARM.attributes
                0x0000000000000258       0x32 object/kstdio.o
 .ARM.attributes
                0x000000000000028a       0x32 object/sem.o
 .ARM.attributes
                0x00000000000002bc       0x32 object/se7en_segment.o
 .ARM.attributes
                0x00000000000002ee       0x32 object/sys_init.o
 .ARM.attributes
                0x0000000000000320       0x32 object/ustd.o
 .ARM.attributes
                0x0000000000000352       0x32 object/main.o
 .ARM.attributes
                0x0000000000000384       0x32 object/times.o
 .ARM.attributes
                0x00000000000003b6       0x32 object/kunistd.o
 .ARM.attributes
                0x00000000000003e8       0x32 object/ktimes.o
 .ARM.attributes
                0x000000000000041a       0x32 object/syscall.o
 .ARM.attributes
                0x000000000000044c       0x32 object/test_interrupt.o
