
Memory Configuration

Name             Origin             Length             Attributes
FLASH            0x08000000         0x00080000         xr
SRAM             0x20000000         0x00020000         xrw
*default*        0x00000000         0xffffffff

Linker script and memory map

LOAD object/schedule.o
LOAD object/kmath.o
LOAD object/kfloat.o
LOAD object/cm4.o
LOAD object/kstring.o
LOAD object/kmain.o
LOAD object/stm32_startup.o
LOAD object/sys.o
LOAD object/clock.o
LOAD object/usart.o
LOAD object/gpio.o
LOAD object/timer.o
LOAD object/kstdio.o
LOAD object/sem.o
LOAD object/se7en_segment.o
LOAD object/sys_init.o
LOAD object/ustd.o
LOAD object/main.o
LOAD object/times.o
LOAD object/kunistd.o
LOAD object/ktimes.o
LOAD object/syscall.o
LOAD object/test_interrupt.o

.text           0x08000000     0x37e0
                0x08000000                        _stext = .
 *(.isr_vector)
 .isr_vector    0x08000000      0x1c4 object/stm32_startup.o
                0x08000000                NVIC_VECTOR
 *(.text)
 .text          0x080001c4      0x604 object/schedule.o
                0x080001c4                init_queue
                0x080001f0                queue_add
                0x08000248                pop
                0x080002a4                __schedule
                0x080003cc                __create_task
                0x080004d0                __start_task
                0x08000558                __set_sleep
                0x08000578                PendSV_Handler
                0x080005bc                retarted_dealy
                0x080005e8                print_entire_queue
                0x0800068c                print_task_info
                0x080006c0                down
                0x080006d4                up
                0x080006f8                push_sem
                0x08000750                pop_sem
                0x080007a8                is_sem_empty
 .text          0x080007c8       0x4e object/kmath.o
                0x080007c8                __pow
 *fill*         0x08000816        0x2 
 .text          0x08000818      0x360 object/kfloat.o
                0x08000818                __aeabi_f2d
                0x080008de                __aeabi_d2f
                0x08000964                __aeabi_d2iz
                0x080009fa                __aeabi_d2i
                0x08000a90                get_decimal_part
 .text          0x08000b78      0x1e8 object/cm4.o
                0x08000b78                __SysTick_init
                0x08000bd0                __sysTick_enable
                0x08000bf8                __sysTick_disable
                0x08000c20                __getSysTickCount
                0x08000c38                __updateSysTick
                0x08000c90                __getTime
                0x08000cc8                SysTick_Handler
                0x08000d1c                __enable_fpu
                0x08000d40                __set_pending
 .text          0x08000d60      0x368 object/kstring.o
                0x08000d60                __str_to_num
                0x08000e20                __reverse_str
                0x08000e7e                __strlen
                0x08000eac                convert
                0x08000f04                float2str
                0x08000fd0                str2float
 .text          0x080010c8      0x574 object/kmain.o
                0x080010c8                task
                0x08001150                task_sem
                0x08001220                sleep_state
                0x0800123c                print_stats
                0x08001348                SVC_Init
                0x0800135c                PSP_Init
                0x08001376                round_robin_no_semaphore
                0x08001418                round_robin_semaphore
                0x080014bc                fcfs_no_semaphore
                0x08001560                fcfs_semaphore
                0x08001604                kmain
 .text          0x0800163c      0x14c object/stm32_startup.o
                0x0800163c                Reset_Handler
                0x080016f4                FLASH_Handler
                0x080016f4                DMA2_Stream7_Handler
                0x080016f4                OTG_HS_Handler
                0x080016f4                OTG_HS_EP1_IN_Handler
                0x080016f4                DMA1_Stream4_Handler
                0x080016f4                DebugMonitor_Handler
                0x080016f4                OTG_HS_WKUP_Handler
                0x080016f4                OTG_FS_WKUP_Handler
                0x080016f4                SPI4_Handler
                0x080016f4                RTC_WKUP_Handler
                0x080016f4                DMA2_Stream3_Handler
                0x080016f4                USART3_Handler
                0x080016f4                NMI_Handler
                0x080016f4                SAI1_Handler
                0x080016f4                TIM6_DAC_Handler
                0x080016f4                CAN1_RX1_Handler
                0x080016f4                EXTI15_10_Handler
                0x080016f4                ADC_Handler
                0x080016f4                I2C1_EV_Handler
                0x080016f4                TAMP_STAMP_Handler
                0x080016f4                I2C3_ER_Handler
                0x080016f4                WWDG_Handler
                0x080016f4                EXTI4_Handler
                0x080016f4                I2C3_EV_Handler
                0x080016f4                DMA1_Stream1_Handler
                0x080016f4                DMA2_Stream4_Handler
                0x080016f4                DMA1_Stream7_Handler
                0x080016f4                OTG_FS_Handler
                0x080016f4                TIM1_BRK_TIM9_Handler
                0x080016f4                I2C1_ER_Handler
                0x080016f4                DMA1_Stream3_Handler
                0x080016f4                UsageFault_Handler
                0x080016f4                TIM1_UP_TIM10_Handler
                0x080016f4                CAN1_RX0_Handler
                0x080016f4                TIM1_CC_Handler
                0x080016f4                I2C2_ER_Handler
                0x080016f4                USART6_Handler
                0x080016f4                TIM8_CC_Handler
                0x080016f4                HDMI_CEC_Handler
                0x080016f4                SAI2_Handler
                0x080016f4                CAN1_SCE_Handler
                0x080016f4                DMA1_Stream0_Handler
                0x080016f4                OTG_HS_EP1_OUT_Handler
                0x080016f4                EXTI1_Handler
                0x080016f4                FMC_Handler
                0x080016f4                EXTI3_Handler
                0x080016f4                EXTI2_Handler
                0x080016f4                UART4_Handler
                0x080016f4                CAN2_RX1_Handler
                0x080016f4                EXTI9_5_Handler
                0x080016f4                TIM2_Handler
                0x080016f4                USART1_Handler
                0x080016f4                CAN2_SCE_Handler
                0x080016f4                TIM3_Handler
                0x080016f4                DMA2_Stream6_Handler
                0x080016f4                Default_Handler
                0x080016f4                DCMI_Handler
                0x080016f4                TIM1_TRG_COM_TIM11_Handler
                0x080016f4                RTC_Alarm_Handler
                0x080016f4                TIM4_Handler
                0x080016f4                TIM8_UP_TIM13_Handler
                0x080016f4                CAN2_TX_Handler
                0x080016f4                SPI2_Handler
                0x080016f4                DMA2_Stream1_Handler
                0x080016f4                DMA1_Stream2_Handler
                0x080016f4                TIM8_BRK_TIM12_Handler
                0x080016f4                CAN2_RX0_Handler
                0x080016f4                DMA2_Stream5_Handler
                0x080016f4                DMA1_Stream6_Handler
                0x080016f4                SDIO_Handler
                0x080016f4                FMPI2C1_ERR_Handler
                0x080016f4                USART2_Handler
                0x080016f4                SPI1_Handler
                0x080016f4                I2C2_EV_Handler
                0x080016f4                SPDIF_Rx_Handler
                0x080016f4                DMA2_Stream2_Handler
                0x080016f4                SPI3_Handler
                0x080016f4                DMA2_Stream0_Handler
                0x080016f4                RCC_Handler
                0x080016f4                PVD_Handler
                0x080016f4                UART5_Handler
                0x080016f4                DMA1_Stream5_Handler
                0x080016f4                TIM5_Handler
                0x080016f4                QuadSPI_Handler
                0x080016f4                TIM7_Handler
                0x080016f4                TIM8_TRG_COM_TIM14_Handler
                0x080016f4                CAN1_TX_Handler
                0x080016f4                FPU_Handler
                0x080016f4                FMPI2C1_Handler
                0x080016fc                HardFault_Handler
                0x08001710                MemManage_Handler
                0x08001718                BusFault_Handler
                0x08001720                SVCall_Handler
                0x08001744                SVC_Handler_Main
                0x0800175a                EXTI0_Handler
 .text          0x08001788      0x3a0 object/sys.o
                0x08001788                __NVIC_SetPriority
                0x080017dc                __NVIC_GetPriority
                0x0800182c                __NVIC_EnableIRQn
                0x08001888                __NVIC_DisableIRQn
                0x080018e8                __disable_irq
                0x080018fe                __set_BASEPRI
                0x0800192c                get_basepri_value
                0x08001948                __unset_BASEPRI
                0x0800196c                __enable_irq
                0x08001982                __set_PRIMASK
                0x0800199e                get_PRIMASK
                0x080019ba                __enable_fault_irq
                0x080019d0                __set_FAULTMASK
                0x080019ec                __disable_fault_irq
                0x08001a02                __get_FAULTMASK
                0x08001a1e                __clear_pending_IRQn
                0x08001a80                __get_pending_IRQn
                0x08001ad4                __NVIC_GetActive
 .text          0x08001b28       0xbc object/clock.o
                0x08001b28                DRV_CLOCK_INIT
 .text          0x08001be4      0x214 object/usart.o
                0x08001be4                DRV_USART_INIT
                0x08001ca0                UART_SendChar
                0x08001cce                _USART_WRITE
                0x08001cfc                _USART_READ
                0x08001d58                UART_GetChar
                0x08001d82                _USART_READ_STR
 .text          0x08001df8       0x20 object/gpio.o
                0x08001df8                DRV_GPIO_INIT
 .text          0x08001e18        0xe object/timer.o
                0x08001e18                DRV_TIMER_INIT
 *fill*         0x08001e26        0x2 
 .text          0x08001e28      0x310 object/kstdio.o
                0x08001e28                kprintf
                0x08001fb8                kscanf
 .text          0x08002138       0x66 object/sem.o
                0x08002138                sem_dec
                0x0800216c                sem_inc
 *fill*         0x0800219e        0x2 
 .text          0x080021a0      0x7d8 object/se7en_segment.o
                0x080021a0                se7en_seg_init
                0x08002288                se7en_seg_print
 .text          0x08002978       0x44 object/sys_init.o
                0x08002978                __sys_init
 .text          0x080029bc       0xa4 object/ustd.o
                0x080029bc                printf
                0x080029e8                yeild
                0x080029f8                task_exit
                0x08002a10                getpid
                0x08002a3e                start_task
 .text          0x08002a60       0x14 object/main.o
                0x08002a60                main
 .text          0x08002a74        0x0 object/times.o
 .text          0x08002a74       0x90 object/kunistd.o
                0x08002a74                __sys_write
                0x08002a94                __sys_start_task
                0x08002abe                __sys_getpid
                0x08002adc                __sys_get_time
 .text          0x08002b04        0x0 object/ktimes.o
 .text          0x08002b04       0xf8 object/syscall.o
                0x08002b04                syscall
 .text          0x08002bfc       0x98 object/test_interrupt.o
                0x08002bfc                enable_hardfault_event
                0x08002c2c                enableSysTickInterrupt
                0x08002c50                disableSysTickInterrupt
                0x08002c74                reboot
 *(.rodata)
 .rodata        0x08002c94       0xe6 object/schedule.o
 *fill*         0x08002d7a        0x2 
 .rodata        0x08002d7c      0x20f object/kmain.o
 *fill*         0x08002f8b        0x1 
 .rodata        0x08002f8c       0x4c object/stm32_startup.o
 .rodata        0x08002fd8       0x54 object/sys.o
 .rodata        0x0800302c       0x37 object/sys_init.o
 *fill*         0x08003063        0x1 
 .rodata        0x08003064       0x1e object/ustd.o
 *fill*         0x08003082        0x2 
 .rodata        0x08003084        0xd object/main.o
 *fill*         0x08003091        0x3 
 .rodata        0x08003094        0xb object/kunistd.o
 *fill*         0x0800309f        0x1 
 .rodata        0x080030a0      0x6f8 object/syscall.o
                0x08003690                sys_errlist
                0x08003794                sys_nerr
 .rodata        0x08003798       0x46 object/test_interrupt.o
                0x080037e0                        . = ALIGN (0x4)
 *fill*         0x080037de        0x2 
                0x080037e0                        _etext = .
                0x080037e0                        _la_data = LOADADDR (.data)

.glue_7         0x080037e0        0x0
 .glue_7        0x080037e0        0x0 linker stubs

.glue_7t        0x080037e0        0x0
 .glue_7t       0x080037e0        0x0 linker stubs

.vfp11_veneer   0x080037e0        0x0
 .vfp11_veneer  0x080037e0        0x0 linker stubs

.v4_bx          0x080037e0        0x0
 .v4_bx         0x080037e0        0x0 linker stubs

.iplt           0x080037e0        0x0
 .iplt          0x080037e0        0x0 object/schedule.o

.rel.dyn        0x080037e0        0x0
 .rel.iplt      0x080037e0        0x0 object/schedule.o

.data           0x20000000       0x40 load address 0x080037e0
                0x20000000                        _sdata = .
 *(.data)
 .data          0x20000000        0x8 object/schedule.o
                0x20000000                TASK_ID
                0x20000004                mutex
 .data          0x20000008        0x0 object/kmath.o
 .data          0x20000008        0x0 object/kfloat.o
 .data          0x20000008        0x4 object/cm4.o
                0x20000008                reload
 .data          0x2000000c       0x25 object/kstring.o
 .data          0x20000031        0x0 object/kmain.o
 .data          0x20000031        0x0 object/stm32_startup.o
 .data          0x20000031        0x0 object/sys.o
 .data          0x20000031        0x0 object/clock.o
 .data          0x20000031        0x0 object/usart.o
 .data          0x20000031        0x0 object/gpio.o
 .data          0x20000031        0x0 object/timer.o
 .data          0x20000031        0x0 object/kstdio.o
 .data          0x20000031        0x0 object/sem.o
 .data          0x20000031        0x7 object/se7en_segment.o
                0x20000031                top
                0x20000032                top_left
                0x20000033                top_right
                0x20000034                middle
                0x20000035                bottom
                0x20000036                bottom_left
                0x20000037                bottom_right
 .data          0x20000038        0x0 object/sys_init.o
 .data          0x20000038        0x0 object/ustd.o
 .data          0x20000038        0x0 object/main.o
 .data          0x20000038        0x0 object/times.o
 .data          0x20000038        0x0 object/kunistd.o
 .data          0x20000038        0x0 object/ktimes.o
 .data          0x20000038        0x0 object/syscall.o
 .data          0x20000038        0x8 object/test_interrupt.o
                0x20000038                clockChoice
                0x2000003c                clockRateMHz
                0x20000040                        . = ALIGN (0x4)
                0x20000040                        _edata = .

.igot.plt       0x20000040        0x0 load address 0x08003820
 .igot.plt      0x20000040        0x0 object/schedule.o

.bss            0x20000040      0x53c load address 0x08003820
                0x20000040                        _sbss = .
 *(.bss)
 .bss           0x20000040      0x170 object/schedule.o
                0x20000040                queue
                0x200000f0                sleep_task
                0x200000f4                current_task
                0x200000f8                task_start_time
                0x200000fc                SCHEDEULING_ALGORITHM
                0x20000100                sem_queue
 .bss           0x200001b0        0x0 object/kmath.o
 .bss           0x200001b0        0x0 object/kfloat.o
 .bss           0x200001b0        0x5 object/cm4.o
                0x200001b4                _if_pending
 *fill*         0x200001b5        0x3 
 .bss           0x200001b8       0x32 object/kstring.o
 *fill*         0x200001ea        0x2 
 .bss           0x200001ec      0x34c object/kmain.o
                0x200001ec                __task
                0x2000050c                __sleep
                0x20000534                GLOBAL_COUNT
 .bss           0x20000538        0xc object/stm32_startup.o
                0x20000538                _bss_size
                0x2000053c                _data_size
                0x20000540                _text_size
 .bss           0x20000544        0x0 object/sys.o
 .bss           0x20000544        0x0 object/clock.o
 .bss           0x20000544        0x0 object/usart.o
 .bss           0x20000544        0x0 object/gpio.o
 .bss           0x20000544        0x0 object/timer.o
 .bss           0x20000544        0x0 object/kstdio.o
 .bss           0x20000544        0x0 object/sem.o
 .bss           0x20000544        0x0 object/se7en_segment.o
 .bss           0x20000544        0x0 object/sys_init.o
 .bss           0x20000544       0x32 object/ustd.o
 .bss           0x20000576        0x0 object/main.o
 .bss           0x20000576        0x0 object/times.o
 .bss           0x20000576        0x0 object/kunistd.o
 .bss           0x20000576        0x0 object/ktimes.o
 .bss           0x20000576        0x0 object/syscall.o
 *fill*         0x20000576        0x2 
 .bss           0x20000578        0x4 object/test_interrupt.o
                0x20000578                hardfault_event_enabled
                0x2000057c                        _ebss = .
OUTPUT(target/duos elf32-littlearm)
LOAD linker stubs

.comment        0x00000000       0x45
 .comment       0x00000000       0x45 object/schedule.o
                                 0x46 (size before relaxing)
 .comment       0x00000045       0x46 object/kmath.o
 .comment       0x00000045       0x46 object/kfloat.o
 .comment       0x00000045       0x46 object/cm4.o
 .comment       0x00000045       0x46 object/kstring.o
 .comment       0x00000045       0x46 object/kmain.o
 .comment       0x00000045       0x46 object/stm32_startup.o
 .comment       0x00000045       0x46 object/sys.o
 .comment       0x00000045       0x46 object/clock.o
 .comment       0x00000045       0x46 object/usart.o
 .comment       0x00000045       0x46 object/gpio.o
 .comment       0x00000045       0x46 object/timer.o
 .comment       0x00000045       0x46 object/kstdio.o
 .comment       0x00000045       0x46 object/sem.o
 .comment       0x00000045       0x46 object/se7en_segment.o
 .comment       0x00000045       0x46 object/sys_init.o
 .comment       0x00000045       0x46 object/ustd.o
 .comment       0x00000045       0x46 object/main.o
 .comment       0x00000045       0x46 object/times.o
 .comment       0x00000045       0x46 object/kunistd.o
 .comment       0x00000045       0x46 object/ktimes.o
 .comment       0x00000045       0x46 object/syscall.o
 .comment       0x00000045       0x46 object/test_interrupt.o

.ARM.attributes
                0x00000000       0x32
 .ARM.attributes
                0x00000000       0x32 object/schedule.o
 .ARM.attributes
                0x00000032       0x32 object/kmath.o
 .ARM.attributes
                0x00000064       0x32 object/kfloat.o
 .ARM.attributes
                0x00000096       0x32 object/cm4.o
 .ARM.attributes
                0x000000c8       0x32 object/kstring.o
 .ARM.attributes
                0x000000fa       0x32 object/kmain.o
 .ARM.attributes
                0x0000012c       0x32 object/stm32_startup.o
 .ARM.attributes
                0x0000015e       0x32 object/sys.o
 .ARM.attributes
                0x00000190       0x32 object/clock.o
 .ARM.attributes
                0x000001c2       0x32 object/usart.o
 .ARM.attributes
                0x000001f4       0x32 object/gpio.o
 .ARM.attributes
                0x00000226       0x32 object/timer.o
 .ARM.attributes
                0x00000258       0x32 object/kstdio.o
 .ARM.attributes
                0x0000028a       0x32 object/sem.o
 .ARM.attributes
                0x000002bc       0x32 object/se7en_segment.o
 .ARM.attributes
                0x000002ee       0x32 object/sys_init.o
 .ARM.attributes
                0x00000320       0x32 object/ustd.o
 .ARM.attributes
                0x00000352       0x32 object/main.o
 .ARM.attributes
                0x00000384       0x32 object/times.o
 .ARM.attributes
                0x000003b6       0x32 object/kunistd.o
 .ARM.attributes
                0x000003e8       0x32 object/ktimes.o
 .ARM.attributes
                0x0000041a       0x32 object/syscall.o
 .ARM.attributes
                0x0000044c       0x32 object/test_interrupt.o
